// Jest Snapshot v1, https://goo.gl/fbAQLP

exports[`NonfungiblePositionManager #burn gas 1`] = `41286`;

exports[`NonfungiblePositionManager #collect gas transfers both 1`] = `116552`;

exports[`NonfungiblePositionManager #collect gas transfers token0 only 1`] = `129879`;

exports[`NonfungiblePositionManager #collect gas transfers token1 only 1`] = `130086`;

exports[`NonfungiblePositionManager #createAndInitializePoolIfNecessary gas 1`] = `4611750`;

exports[`NonfungiblePositionManager #decreaseLiquidity gas complete decrease 1`] = `101101`;

exports[`NonfungiblePositionManager #decreaseLiquidity gas partial decrease 1`] = `177736`;

exports[`NonfungiblePositionManager #increaseLiquidity gas 1`] = `193320`;

exports[`NonfungiblePositionManager #mint gas first mint for pool 1`] = `617314`;

exports[`NonfungiblePositionManager #mint gas first mint for pool using eth with non-zero refund 1`] = `627669`;

exports[`NonfungiblePositionManager #mint gas first mint for pool using eth with zero refund 1`] = `620444`;

exports[`NonfungiblePositionManager #mint gas mint for same pool, different ticks 1`] = `449782`;

exports[`NonfungiblePositionManager #mint gas mint on same ticks 1`] = `342652`;

exports[`NonfungiblePositionManager #permit owned by eoa gas 1`] = `64516`;

exports[`NonfungiblePositionManager #permit owned by verifying contract gas 1`] = `68313`;

exports[`NonfungiblePositionManager #transferFrom gas 1`] = `79134`;

exports[`NonfungiblePositionManager #transferFrom gas comes from approved 1`] = `67534`;

exports[`NonfungiblePositionManager bytecode size 1`] = `24080`;

exports[`NonfungiblePositionManager multicall exit gas 1`] = `150071`;
