// Jest Snapshot v1, https://goo.gl/fbAQLP

exports[`SwapRouter gas tests #exactInput 0 -> 1 -> 2 1`] = `172546`;

exports[`SwapRouter gas tests #exactInput 0 -> 1 1`] = `107807`;

exports[`SwapRouter gas tests #exactInput 0 -> 1 minimal 1`] = `98059`;

exports[`SwapRouter gas tests #exactInput 0 -> WETH9 1`] = `127504`;

exports[`SwapRouter gas tests #exactInput WETH9 -> 0 1`] = `106265`;

exports[`SwapRouter gas tests #exactInputSingle 0 -> 1 1`] = `107269`;

exports[`SwapRouter gas tests #exactInputSingle 0 -> WETH9 1`] = `127142`;

exports[`SwapRouter gas tests #exactInputSingle WETH9 -> 0 1`] = `105727`;

exports[`SwapRouter gas tests #exactOutput 0 -> 1 -> 2 1`] = `169323`;

exports[`SwapRouter gas tests #exactOutput 0 -> 1 1`] = `111805`;

exports[`SwapRouter gas tests #exactOutput 0 -> WETH9 1`] = `129523`;

exports[`SwapRouter gas tests #exactOutput WETH9 -> 0 1`] = `113550`;

exports[`SwapRouter gas tests #exactOutputSingle 0 -> 1 1`] = `112034`;

exports[`SwapRouter gas tests #exactOutputSingle 0 -> WETH9 1`] = `129934`;

exports[`SwapRouter gas tests #exactOutputSingle WETH9 -> 0 1`] = `113779`;
